kotlin version: 2.2.10
error message: java.lang.RuntimeException: Exception while generating code for:
FUN name:CollectEffects visibility:public modality:FINAL returnType:kotlin.Unit
  TYPE_PARAMETER name:Ef index:0 variance: superTypes:[kotlin.Any] reified:false
  VALUE_PARAMETER kind:ExtensionReceiver name:<this> index:0 type:kz.zhb.elm.ElmViewModel<*, *, Ef of kz.zhb.elm.ElmComposeKt.CollectEffects, *>
  VALUE_PARAMETER kind:Regular name:onEffect index:1 type:kotlin.coroutines.SuspendFunction1<Ef of kz.zhb.elm.ElmComposeKt.CollectEffects, kotlin.Unit>
  annotations:
    Composable
  BLOCK_BODY
    VAR name:lifecycleOwner type:androidx.lifecycle.LifecycleOwner [val]
      CALL 'public final fun <get-current> (): T of androidx.compose.runtime.CompositionLocal [inline] declared in androidx.compose.runtime.CompositionLocal' type=androidx.lifecycle.LifecycleOwner origin=GET_PROPERTY
        ARG <this>: TYPE_OP type=androidx.compose.runtime.CompositionLocal<T of androidx.compose.runtime.CompositionLocal> origin=IMPLICIT_CAST typeOperand=androidx.compose.runtime.CompositionLocal<T of androidx.compose.runtime.CompositionLocal>
          CALL 'public final fun <get-LocalLifecycleOwner> (): androidx.compose.runtime.ProvidableCompositionLocal<androidx.lifecycle.LifecycleOwner> declared in androidx.lifecycle.compose.LocalLifecycleOwnerKt' type=androidx.compose.runtime.ProvidableCompositionLocal<androidx.lifecycle.LifecycleOwner> origin=GET_PROPERTY
    VAR PROPERTY_DELEGATE name:currentOnEffect$delegate type:androidx.compose.runtime.State<kotlin.coroutines.SuspendFunction1<Ef of kz.zhb.elm.ElmComposeKt.CollectEffects, kotlin.Unit>> [val]
      CALL 'public final fun rememberUpdatedState <T> (newValue: T of androidx.compose.runtime.SnapshotStateKt.rememberUpdatedState): androidx.compose.runtime.State<T of androidx.compose.runtime.SnapshotStateKt.rememberUpdatedState> declared in androidx.compose.runtime.SnapshotStateKt' type=androidx.compose.runtime.State<kotlin.coroutines.SuspendFunction1<Ef of kz.zhb.elm.ElmComposeKt.CollectEffects, kotlin.Unit>> origin=null
        TYPE_ARG T: kotlin.coroutines.SuspendFunction1<Ef of kz.zhb.elm.ElmComposeKt.CollectEffects, kotlin.Unit>
        ARG newValue: GET_VAR 'onEffect: kotlin.coroutines.SuspendFunction1<Ef of kz.zhb.elm.ElmComposeKt.CollectEffects, kotlin.Unit> declared in kz.zhb.elm.ElmComposeKt.CollectEffects' type=kotlin.coroutines.SuspendFunction1<Ef of kz.zhb.elm.ElmComposeKt.CollectEffects, kotlin.Unit> origin=null
    CALL 'public final fun LaunchedEffect (key1: kotlin.Any?, key2: kotlin.Any?, block: @[ExtensionFunctionType] kotlin.coroutines.SuspendFunction1<kotlinx.coroutines.CoroutineScope, kotlin.Unit>): kotlin.Unit declared in androidx.compose.runtime.EffectsKt' type=kotlin.Unit origin=null
      ARG key1: GET_VAR '<this>: kz.zhb.elm.ElmViewModel<*, *, Ef of kz.zhb.elm.ElmComposeKt.CollectEffects, *> declared in kz.zhb.elm.ElmComposeKt.CollectEffects' type=kz.zhb.elm.ElmViewModel<*, *, Ef of kz.zhb.elm.ElmComposeKt.CollectEffects, *> origin=null
      ARG key2: GET_VAR 'val lifecycleOwner: androidx.lifecycle.LifecycleOwner [val] declared in kz.zhb.elm.ElmComposeKt.CollectEffects' type=androidx.lifecycle.LifecycleOwner origin=null
      ARG block: BLOCK type=kz.zhb.elm.ElmComposeKt.CollectEffects.<no name provided> origin=null
        CLASS SUSPEND_LAMBDA CLASS name:<no name provided> modality:FINAL visibility:public/*package*/ superTypes:[kotlin.coroutines.jvm.internal.SuspendLambda; kotlin.jvm.functions.Function2<kotlinx.coroutines.CoroutineScope, kotlin.coroutines.Continuation<kotlin.Unit>?, kotlin.Any?>]
          thisReceiver: VALUE_PARAMETER INSTANCE_RECEIVER kind:DispatchReceiver name:<this> type:kz.zhb.elm.ElmComposeKt.CollectEffects.<no name provided>
          FIELD name:label type:kotlin.Int visibility:public/*package*/
          CONSTRUCTOR SUSPEND_LAMBDA visibility:public/*package*/ returnType:kz.zhb.elm.ElmComposeKt.CollectEffects.<no name provided> [primary]
            VALUE_PARAMETER BOUND_VALUE_PARAMETER kind:Regular name:$lifecycleOwner index:0 type:androidx.lifecycle.LifecycleOwner
            VALUE_PARAMETER BOUND_RECEIVER_PARAMETER kind:Regular name:$this_CollectEffects index:1 type:kz.zhb.elm.ElmViewModel<*, *, Ef of kz.zhb.elm.ElmComposeKt.CollectEffects, *>
            VALUE_PARAMETER BOUND_VALUE_PARAMETER kind:Regular name:$currentOnEffect$delegate index:2 type:androidx.compose.runtime.State<kotlin.coroutines.SuspendFunction1<Ef of kz.zhb.elm.ElmComposeKt.CollectEffects, kotlin.Unit>>
            VALUE_PARAMETER kind:Regular name:$completion index:3 type:kotlin.coroutines.Continuation<kz.zhb.elm.ElmComposeKt.CollectEffects.<no name provided>>?
            BLOCK_BODY
              SET_FIELD 'FIELD FIELD_FOR_CAPTURED_VALUE name:$lifecycleOwner type:androidx.lifecycle.LifecycleOwner visibility:public/*package*/ [final] declared in kz.zhb.elm.ElmComposeKt.CollectEffects.<no name provided>' type=kotlin.Unit origin=INITIALIZER_OF_FIELD_FOR_CAPTURED_VALUE
                receiver: GET_VAR '<this>: kz.zhb.elm.ElmComposeKt.CollectEffects.<no name provided> declared in kz.zhb.elm.ElmComposeKt.CollectEffects.<no name provided>' type=kz.zhb.elm.ElmComposeKt.CollectEffects.<no name provided> origin=null
                value: GET_VAR '$lifecycleOwner: androidx.lifecycle.LifecycleOwner declared in kz.zhb.elm.ElmComposeKt.CollectEffects.<no name provided>.<init>' type=androidx.lifecycle.LifecycleOwner origin=null
              SET_FIELD 'FIELD FIELD_FOR_CAPTURED_VALUE name:$this_CollectEffects type:kz.zhb.elm.ElmViewModel<*, *, Ef of kz.zhb.elm.ElmComposeKt.CollectEffects, *> visibility:public/*package*/ [final] declared in kz.zhb.elm.ElmComposeKt.CollectEffects.<no name provided>' type=kotlin.Unit origin=INITIALIZER_OF_FIELD_FOR_CAPTURED_VALUE
                receiver: GET_VAR '<this>: kz.zhb.elm.ElmComposeKt.CollectEffects.<no name provided> declared in kz.zhb.elm.ElmComposeKt.CollectEffects.<no name provided>' type=kz.zhb.elm.ElmComposeKt.CollectEffects.<no name provided> origin=null
                value: GET_VAR '$this_CollectEffects: kz.zhb.elm.ElmViewModel<*, *, Ef of kz.zhb.elm.ElmComposeKt.CollectEffects, *> declared in kz.zhb.elm.ElmComposeKt.CollectEffects.<no name provided>.<init>' type=kz.zhb.elm.ElmViewModel<*, *, Ef of kz.zhb.elm.ElmComposeKt.CollectEffects, *> origin=null
              SET_FIELD 'FIELD FIELD_FOR_CAPTURED_VALUE name:$currentOnEffect$delegate type:androidx.compose.runtime.State<kotlin.coroutines.SuspendFunction1<Ef of kz.zhb.elm.ElmComposeKt.CollectEffects, kotlin.Unit>> visibility:public/*package*/ [final] declared in kz.zhb.elm.ElmComposeKt.CollectEffects.<no name provided>' type=kotlin.Unit origin=INITIALIZER_OF_FIELD_FOR_CAPTURED_VALUE
                receiver: GET_VAR '<this>: kz.zhb.elm.ElmComposeKt.CollectEffects.<no name provided> declared in kz.zhb.elm.ElmComposeKt.CollectEffects.<no name provided>' type=kz.zhb.elm.ElmComposeKt.CollectEffects.<no name provided> origin=null
                value: GET_VAR '$currentOnEffect$delegate: androidx.compose.runtime.State<kotlin.coroutines.SuspendFunction1<Ef of kz.zhb.elm.ElmComposeKt.CollectEffects, kotlin.Unit>> declared in kz.zhb.elm.ElmComposeKt.CollectEffects.<no name provided>.<init>' type=androidx.compose.runtime.State<kotlin.coroutines.SuspendFunction1<Ef of kz.zhb.elm.ElmComposeKt.CollectEffects, kotlin.Unit>> origin=null
              DELEGATING_CONSTRUCTOR_CALL 'public constructor <init> (arity: kotlin.Int, $completion: kotlin.coroutines.Continuation<kotlin.Any?>?) declared in kotlin.coroutines.jvm.internal.SuspendLambda'
                ARG arity: CONST Int type=kotlin.Int value=2
                ARG $completion: GET_VAR '$completion: kotlin.coroutines.Continuation<kz.zhb.elm.ElmComposeKt.CollectEffects.<no name provided>>? declared in kz.zhb.elm.ElmComposeKt.CollectEffects.<no name provided>.<init>' type=kotlin.coroutines.Continuation<kz.zhb.elm.ElmComposeKt.CollectEffects.<no name provided>>? origin=null
              BLOCK type=kotlin.Unit origin=null
          FUN name:invokeSuspend visibility:public modality:FINAL returnType:kotlin.Any?
            VALUE_PARAMETER INSTANCE_RECEIVER kind:DispatchReceiver name:<this> index:0 type:kz.zhb.elm.ElmComposeKt.CollectEffects.<no name provided>
            VALUE_PARAMETER kind:Regular name:$result index:1 type:kotlin.Result<kotlin.Any?>
            overridden:
              protected abstract fun invokeSuspend ($result: kotlin.Result<kotlin.Any?>): kotlin.Any? declared in kotlin.coroutines.jvm.internal.SuspendLambda
            BLOCK_BODY
              CALL 'public final fun repeatOnLifecycle (<this>: androidx.lifecycle.LifecycleOwner, state: androidx.lifecycle.Lifecycle.State, block: @[ExtensionFunctionType] kotlin.coroutines.SuspendFunction1<kotlinx.coroutines.CoroutineScope, kotlin.Unit>, $completion: kotlin.coroutines.Continuation<kotlin.Unit>): kotlin.Any? [suspend] declared in androidx.lifecycle.RepeatOnLifecycleKt' type=kotlin.Unit origin=null
                ARG <this>: GET_FIELD 'FIELD FIELD_FOR_CAPTURED_VALUE name:$lifecycleOwner type:androidx.lifecycle.LifecycleOwner visibility:public/*package*/ [final] declared in kz.zhb.elm.ElmComposeKt.CollectEffects.<no name provided>' type=androidx.lifecycle.LifecycleOwner origin=null
                  receiver: GET_VAR '<this>: kz.zhb.elm.ElmComposeKt.CollectEffects.<no name provided> declared in kz.zhb.elm.ElmComposeKt.CollectEffects.<no name provided>.invokeSuspend' type=kz.zhb.elm.ElmComposeKt.CollectEffects.<no name provided> origin=null
                ARG state: GET_FIELD 'FIELD FIELD_FOR_ENUM_ENTRY name:STARTED type:androidx.lifecycle.Lifecycle.State visibility:public [final,static] declared in androidx.lifecycle.Lifecycle.State' type=androidx.lifecycle.Lifecycle.State origin=null
                ARG block: BLOCK type=kz.zhb.elm.ElmComposeKt.CollectEffects.<no name provided>.invokeSuspend.<no name provided> origin=null
                  CLASS SUSPEND_LAMBDA CLASS name:<no name provided> modality:FINAL visibility:public/*package*/ superTypes:[kotlin.coroutines.jvm.internal.SuspendLambda; kotlin.jvm.functions.Function2<kotlinx.coroutines.CoroutineScope, kotlin.coroutines.Continuation<kotlin.Unit>?, kotlin.Any?>]
                    thisReceiver: VALUE_PARAMETER INSTANCE_RECEIVER kind:DispatchReceiver name:<this> type:kz.zhb.elm.ElmComposeKt.CollectEffects.<no name provided>.invokeSuspend.<no name provided>
                    FIELD name:label type:kotlin.Int visibility:public/*package*/
                    CONSTRUCTOR SUSPEND_LAMBDA visibility:public/*package*/ returnType:kz.zhb.elm.ElmComposeKt.CollectEffects.<no name provided>.invokeSuspend.<no name provided> [primary]
                      VALUE_PARAMETER BOUND_RECEIVER_PARAMETER kind:Regular name:$this_CollectEffects index:0 type:kz.zhb.elm.ElmViewModel<*, *, Ef of kz.zhb.elm.ElmComposeKt.CollectEffects, *>
                      VALUE_PARAMETER BOUND_VALUE_PARAMETER kind:Regular name:$currentOnEffect$delegate index:1 type:androidx.compose.runtime.State<kotlin.coroutines.SuspendFunction1<Ef of kz.zhb.elm.ElmComposeKt.CollectEffects, kotlin.Unit>>
                      VALUE_PARAMETER kind:Regular name:$completion index:2 type:kotlin.coroutines.Continuation<kz.zhb.elm.ElmComposeKt.CollectEffects.<no name provided>.invokeSuspend.<no name provided>>?
                      BLOCK_BODY
                        SET_FIELD 'FIELD FIELD_FOR_CAPTURED_VALUE name:$this_CollectEffects type:kz.zhb.elm.ElmViewModel<*, *, Ef of kz.zhb.elm.ElmComposeKt.CollectEffects, *> visibility:public/*package*/ [final] declared in kz.zhb.elm.ElmComposeKt.CollectEffects.<no name provided>.invokeSuspend.<no name provided>' type=kotlin.Unit origin=INITIALIZER_OF_FIELD_FOR_CAPTURED_VALUE
                          receiver: GET_VAR '<this>: kz.zhb.elm.ElmComposeKt.CollectEffects.<no name provided>.invokeSuspend.<no name provided> declared in kz.zhb.elm.ElmComposeKt.CollectEffects.<no name provided>.invokeSuspend.<no name provided>' type=kz.zhb.elm.ElmComposeKt.CollectEffects.<no name provided>.invokeSuspend.<no name provided> origin=null
                          value: GET_VAR '$this_CollectEffects: kz.zhb.elm.ElmViewModel<*, *, Ef of kz.zhb.elm.ElmComposeKt.CollectEffects, *> declared in kz.zhb.elm.ElmComposeKt.CollectEffects.<no name provided>.invokeSuspend.<no name provided>.<init>' type=kz.zhb.elm.ElmViewModel<*, *, Ef of kz.zhb.elm.ElmComposeKt.CollectEffects, *> origin=null
                        SET_FIELD 'FIELD FIELD_FOR_CAPTURED_VALUE name:$currentOnEffect$delegate type:androidx.compose.runtime.State<kotlin.coroutines.SuspendFunction1<Ef of kz.zhb.elm.ElmComposeKt.CollectEffects, kotlin.Unit>> visibility:public/*package*/ [final] declared in kz.zhb.elm.ElmComposeKt.CollectEffects.<no name provided>.invokeSuspend.<no name provided>' type=kotlin.Unit origin=INITIALIZER_OF_FIELD_FOR_CAPTURED_VALUE
                          receiver: GET_VAR '<this>: kz.zhb.elm.ElmComposeKt.CollectEffects.<no name provided>.invokeSuspend.<no name provided> declared in kz.zhb.elm.ElmComposeKt.CollectEffects.<no name provided>.invokeSuspend.<no name provided>' type=kz.zhb.elm.ElmComposeKt.CollectEffects.<no name provided>.invokeSuspend.<no name provided> origin=null
                          value: GET_VAR '$currentOnEffect$delegate: androidx.compose.runtime.State<kotlin.coroutines.SuspendFunction1<Ef of kz.zhb.elm.ElmComposeKt.CollectEffects, kotlin.Unit>> declared in kz.zhb.elm.ElmComposeKt.CollectEffects.<no name provided>.invokeSuspend.<no name provided>.<init>' type=androidx.compose.runtime.State<kotlin.coroutines.SuspendFunction1<Ef of kz.zhb.elm.ElmComposeKt.CollectEffects, kotlin.Unit>> origin=null
                        DELEGATING_CONSTRUCTOR_CALL 'public constructor <init> (arity: kotlin.Int, $completion: kotlin.coroutines.Continuation<kotlin.Any?>?) declared in kotlin.coroutines.jvm.internal.SuspendLambda'
                          ARG arity: CONST Int type=kotlin.Int value=2
                          ARG $completion: GET_VAR '$completion: kotlin.coroutines.Continuation<kz.zhb.elm.ElmComposeKt.CollectEffects.<no name provided>.invokeSuspend.<no name provided>>? declared in kz.zhb.elm.ElmComposeKt.CollectEffects.<no name provided>.invokeSuspend.<no name provided>.<init>' type=kotlin.coroutines.Continuation<kz.zhb.elm.ElmComposeKt.CollectEffects.<no name provided>.invokeSuspend.<no name provided>>? origin=null
                        BLOCK type=kotlin.Unit origin=null
                    FUN name:invokeSuspend visibility:public modality:FINAL returnType:kotlin.Any?
                      VALUE_PARAMETER INSTANCE_RECEIVER kind:DispatchReceiver name:<this> index:0 type:kz.zhb.elm.ElmComposeKt.CollectEffects.<no name provided>.invokeSuspend.<no name provided>
                      VALUE_PARAMETER kind:Regular name:$result index:1 type:kotlin.Result<kotlin.Any?>
                      overridden:
                        protected abstract fun invokeSuspend ($result: kotlin.Result<kotlin.Any?>): kotlin.Any? declared in kotlin.coroutines.jvm.internal.SuspendLambda
                      BLOCK_BODY
                        CALL 'public abstract fun collect (collector: kotlinx.coroutines.flow.FlowCollector<T of kotlinx.coroutines.flow.Flow>, $completion: kotlin.coroutines.Continuation<kotlin.Unit>): kotlin.Any? [suspend] declared in kotlinx.coroutines.flow.Flow' type=kotlin.Unit origin=null
                          ARG <this>: CALL 'public final fun <get-effects> (): kotlinx.coroutines.flow.Flow<Ef of kz.zhb.elm.ElmViewModel> declared in kz.zhb.elm.ElmViewModel' type=kotlinx.coroutines.flow.Flow<Ef of kz.zhb.elm.ElmComposeKt.CollectEffects> origin=GET_PROPERTY
                            ARG <this>: GET_FIELD 'FIELD FIELD_FOR_CAPTURED_VALUE name:$this_CollectEffects type:kz.zhb.elm.ElmViewModel<*, *, Ef of kz.zhb.elm.ElmComposeKt.CollectEffects, *> visibility:public/*package*/ [final] declared in kz.zhb.elm.ElmComposeKt.CollectEffects.<no name provided>.invokeSuspend.<no name provided>' type=kz.zhb.elm.ElmViewModel<*, *, Ef of kz.zhb.elm.ElmComposeKt.CollectEffects, *> origin=null
                              receiver: GET_VAR '<this>: kz.zhb.elm.ElmComposeKt.CollectEffects.<no name provided>.invokeSuspend.<no name provided> declared in kz.zhb.elm.ElmComposeKt.CollectEffects.<no name provided>.invokeSuspend.<no name provided>.invokeSuspend' type=kz.zhb.elm.ElmComposeKt.CollectEffects.<no name provided>.invokeSuspend.<no name provided> origin=null
                          ARG collector: BLOCK type=kz.zhb.elm.ElmComposeKt.CollectEffects.<no name provided>.invokeSuspend.<no name provided>.invokeSuspend.<no name provided><T of kz.zhb.elm.ElmComposeKt.CollectEffects.<no name provided>.invokeSuspend.<no name provided>.invokeSuspend.<no name provided>> origin=null
                            CLASS LAMBDA_IMPL CLASS name:<no name provided> modality:FINAL visibility:public/*package*/ superTypes:[@[RawType] kotlinx.coroutines.flow.FlowCollector<T of kotlinx.coroutines.flow.FlowCollector>]
                              thisReceiver: VALUE_PARAMETER INSTANCE_RECEIVER kind:DispatchReceiver name:<this> type:kz.zhb.elm.ElmComposeKt.CollectEffects.<no name provided>.invokeSuspend.<no name provided>.invokeSuspend.<no name provided><T of kz.zhb.elm.ElmComposeKt.CollectEffects.<no name provided>.invokeSuspend.<no name provided>.invokeSuspend.<no name provided>>
                              TYPE_PARAMETER name:T index:0 variance:in superTypes:[kotlin.Any?] reified:false
                              CONSTRUCTOR GENERATED_MEMBER_IN_CALLABLE_REFERENCE visibility:public/*package*/ returnType:kz.zhb.elm.ElmComposeKt.CollectEffects.<no name provided>.invokeSuspend.<no name provided>.invokeSuspend.<no name provided><T of kz.zhb.elm.ElmComposeKt.CollectEffects.<no name provided>.invokeSuspend.<no name provided>.invokeSuspend.<no name provided>> [primary]
                                VALUE_PARAMETER BOUND_VALUE_PARAMETER kind:Regular name:$currentOnEffect$delegate index:0 type:androidx.compose.runtime.State<kotlin.coroutines.SuspendFunction1<Ef of kz.zhb.elm.ElmComposeKt.CollectEffects, kotlin.Unit>>
                                BLOCK_BODY
                                  SET_FIELD 'FIELD FIELD_FOR_CAPTURED_VALUE name:$currentOnEffect$delegate type:androidx.compose.runtime.State<kotlin.coroutines.SuspendFunction1<Ef of kz.zhb.elm.ElmComposeKt.CollectEffects, kotlin.Unit>> visibility:public/*package*/ [final] declared in kz.zhb.elm.ElmComposeKt.CollectEffects.<no name provided>.invokeSuspend.<no name provided>.invokeSuspend.<no name provided>' type=kotlin.Unit origin=INITIALIZER_OF_FIELD_FOR_CAPTURED_VALUE
                                    receiver: GET_VAR '<this>: kz.zhb.elm.ElmComposeKt.CollectEffects.<no name provided>.invokeSuspend.<no name provided>.invokeSuspend.<no name provided><T of kz.zhb.elm.ElmComposeKt.CollectEffects.<no name provided>.invokeSuspend.<no name provided>.invokeSuspend.<no name provided>> declared in kz.zhb.elm.ElmComposeKt.CollectEffects.<no name provided>.invokeSuspend.<no name provided>.invokeSuspend.<no name provided>' type=kz.zhb.elm.ElmComposeKt.CollectEffects.<no name provided>.invokeSuspend.<no name provided>.invokeSuspend.<no name provided><T of kz.zhb.elm.ElmComposeKt.CollectEffects.<no name provided>.invokeSuspend.<no name provided>.invokeSuspend.<no name provided>> origin=null
                                    value: GET_VAR '$currentOnEffect$delegate: androidx.compose.runtime.State<kotlin.coroutines.SuspendFunction1<Ef of kz.zhb.elm.ElmComposeKt.CollectEffects, kotlin.Unit>> declared in kz.zhb.elm.ElmComposeKt.CollectEffects.<no name provided>.invokeSuspend.<no name provided>.invokeSuspend.<no name provided>.<init>' type=androidx.compose.runtime.State<kotlin.coroutines.SuspendFunction1<Ef of kz.zhb.elm.ElmComposeKt.CollectEffects, kotlin.Unit>> origin=null
                                  DELEGATING_CONSTRUCTOR_CALL 'public constructor <init> () [primary] declared in kotlin.Any'
                                  BLOCK type=kotlin.Unit origin=null
                              FUN name:emit visibility:public modality:FINAL returnType:kotlin.Any? [suspend]
                                VALUE_PARAMETER INSTANCE_RECEIVER kind:DispatchReceiver name:<this> index:0 type:kz.zhb.elm.ElmComposeKt.CollectEffects.<no name provided>.invokeSuspend.<no name provided>.invokeSuspend.<no name provided><T of kz.zhb.elm.ElmComposeKt.CollectEffects.<no name provided>.invokeSuspend.<no name provided>.invokeSuspend.<no name provided>>
                                VALUE_PARAMETER kind:Regular name:it index:1 type:Ef of kz.zhb.elm.ElmComposeKt.CollectEffects
                                VALUE_PARAMETER CONTINUATION_CLASS kind:Regular name:$completion index:2 type:kotlin.coroutines.Continuation<kotlin.Unit>
                                overridden:
                                  public abstract fun emit (value: T of kotlinx.coroutines.flow.FlowCollector, $completion: kotlin.coroutines.Continuation<kotlin.Unit>): kotlin.Any? [suspend] declared in kotlinx.coroutines.flow.FlowCollector
                                BLOCK_BODY
                                  CLASS CONTINUATION_CLASS CLASS name:<Continuation> modality:FINAL visibility:public/*package*/ superTypes:[kotlin.coroutines.jvm.internal.ContinuationImpl]
                                    thisReceiver: VALUE_PARAMETER INSTANCE_RECEIVER kind:DispatchReceiver name:<this> type:kz.zhb.elm.ElmComposeKt.CollectEffects.<no name provided>.invokeSuspend.<no name provided>.invokeSuspend.<no name provided>.emit.<Continuation>
                                    FIELD CONTINUATION_CLASS_RESULT_FIELD name:result type:kotlin.Result<kotlin.Any?> visibility:public/*package*/
                                    FIELD FIELD_FOR_OUTER_THIS name:this$0 type:kz.zhb.elm.ElmComposeKt.CollectEffects.<no name provided>.invokeSuspend.<no name provided>.invokeSuspend.<no name provided><T of kz.zhb.elm.ElmComposeKt.CollectEffects.<no name provided>.invokeSuspend.<no name provided>.invokeSuspend.<no name provided>> visibility:public/*package*/ [final]
                                    FIELD name:label type:kotlin.Int visibility:public/*package*/
                                    CONSTRUCTOR visibility:public/*package*/ returnType:kz.zhb.elm.ElmComposeKt.CollectEffects.<no name provided>.invokeSuspend.<no name provided>.invokeSuspend.<no name provided>.emit.<Continuation> [primary]
                                      VALUE_PARAMETER kind:Regular name:this$0 index:0 type:kz.zhb.elm.ElmComposeKt.CollectEffects.<no name provided>.invokeSuspend.<no name provided>.invokeSuspend.<no name provided><T of kz.zhb.elm.ElmComposeKt.CollectEffects.<no name provided>.invokeSuspend.<no name provided>.invokeSuspend.<no name provided>>
                                      VALUE_PARAMETER kind:Regular name:$completion index:1 type:kotlin.coroutines.Continuation<kz.zhb.elm.ElmComposeKt.CollectEffects.<no name provided>.invokeSuspend.<no name provided>.invokeSuspend.<no name provided>.emit.<Continuation>>?
                                      BLOCK_BODY
                                        SET_FIELD 'FIELD FIELD_FOR_OUTER_THIS name:this$0 type:kz.zhb.elm.ElmComposeKt.CollectEffects.<no name provided>.invokeSuspend.<no name provided>.invokeSuspend.<no name provided><T of kz.zhb.elm.ElmComposeKt.CollectEffects.<no name provided>.invokeSuspend.<no name provided>.invokeSuspend.<no name provided>> visibility:public/*package*/ [final] declared in kz.zhb.elm.ElmComposeKt.CollectEffects.<no name provided>.invokeSuspend.<no name provided>.invokeSuspend.<no name provided>.emit.<Continuation>' type=kotlin.Unit origin=null
                                          receiver: GET_VAR '<this>: kz.zhb.elm.ElmComposeKt.CollectEffects.<no name provided>.invokeSuspend.<no name provided>.invokeSuspend.<no name provided>.emit.<Continuation> declared in kz.zhb.elm.ElmComposeKt.CollectEffects.<no name provided>.invokeSuspend.<no name provided>.invokeSuspend.<no name provided>.emit.<Continuation>' type=kz.zhb.elm.ElmComposeKt.CollectEffects.<no name provided>.invokeSuspend.<no name provided>.invokeSuspend.<no name provided>.emit.<Continuation> origin=null
                                          value: GET_VAR 'this$0: kz.zhb.elm.ElmComposeKt.CollectEffects.<no name provided>.invokeSuspend.<no name provided>.invokeSuspend.<no name provided><T of kz.zhb.elm.ElmComposeKt.CollectEffects.<no name provided>.invokeSuspend.<no name provided>.invokeSuspend.<no name provided>> declared in kz.zhb.elm.ElmComposeKt.CollectEffects.<no name provided>.invokeSuspend.<no name provided>.invokeSuspend.<no name provided>.emit.<Continuation>.<init>' type=kz.zhb.elm.ElmComposeKt.CollectEffects.<no name provided>.invokeSuspend.<no name provided>.invokeSuspend.<no name provided><T of kz.zhb.elm.ElmComposeKt.CollectEffects.<no name provided>.invokeSuspend.<no name provided>.invokeSuspend.<no name provided>> origin=null
                                        DELEGATING_CONSTRUCTOR_CALL 'public constructor <init> ($completion: kotlin.coroutines.Continuation<kotlin.Any?>?) declared in kotlin.coroutines.jvm.internal.ContinuationImpl'
                                          ARG $completion: GET_VAR '$completion: kotlin.coroutines.Continuation<kz.zhb.elm.ElmComposeKt.CollectEffects.<no name provided>.invokeSuspend.<no name provided>.invokeSuspend.<no name provided>.emit.<Continuation>>? declared in kz.zhb.elm.ElmComposeKt.CollectEffects.<no name provided>.invokeSuspend.<no name provided>.invokeSuspend.<no name provided>.emit.<Continuation>.<init>' type=kotlin.coroutines.Continuation<kz.zhb.elm.ElmComposeKt.CollectEffects.<no name provided>.invokeSuspend.<no name provided>.invokeSuspend.<no name provided>.emit.<Continuation>>? origin=null
                                    FUN name:invokeSuspend visibility:public modality:FINAL returnType:kotlin.Any?
                                      VALUE_PARAMETER INSTANCE_RECEIVER kind:DispatchReceiver name:<this> index:0 type:kz.zhb.elm.ElmComposeKt.CollectEffects.<no name provided>.invokeSuspend.<no name provided>.invokeSuspend.<no name provided>.emit.<Continuation>
                                      VALUE_PARAMETER kind:Regular name:$result index:1 type:kotlin.Result<kotlin.Any?>
                                      overridden:
                                        public abstract fun invokeSuspend ($result: kotlin.Result<kotlin.Any?>): kotlin.Any? declared in kotlin.coroutines.jvm.internal.ContinuationImpl
                                      BLOCK_BODY
                                        SET_FIELD 'FIELD CONTINUATION_CLASS_RESULT_FIELD name:result type:kotlin.Result<kotlin.Any?> visibility:public/*package*/ declared in kz.zhb.elm.ElmComposeKt.CollectEffects.<no name provided>.invokeSuspend.<no name provided>.invokeSuspend.<no name provided>.emit.<Continuation>' type=kotlin.Unit origin=null
                                          receiver: GET_VAR '<this>: kz.zhb.elm.ElmComposeKt.CollectEffects.<no name provided>.invokeSuspend.<no name provided>.invokeSuspend.<no name provided>.emit.<Continuation> declared in kz.zhb.elm.ElmComposeKt.CollectEffects.<no name provided>.invokeSuspend.<no name provided>.invokeSuspend.<no name provided>.emit.<Continuation>.invokeSuspend' type=kz.zhb.elm.ElmComposeKt.CollectEffects.<no name provided>.invokeSuspend.<no name provided>.invokeSuspend.<no name provided>.emit.<Continuation> origin=null
                                          value: GET_VAR '$result: kotlin.Result<kotlin.Any?> declared in kz.zhb.elm.ElmComposeKt.CollectEffects.<no name provided>.invokeSuspend.<no name provided>.invokeSuspend.<no name provided>.emit.<Continuation>.invokeSuspend' type=kotlin.Result<kotlin.Any?> origin=null
                                        SET_FIELD 'FIELD name:label type:kotlin.Int visibility:public/*package*/ declared in kz.zhb.elm.ElmComposeKt.CollectEffects.<no name provided>.invokeSuspend.<no name provided>.invokeSuspend.<no name provided>.emit.<Continuation>' type=kotlin.Unit origin=null
                                          receiver: GET_VAR '<this>: kz.zhb.elm.ElmComposeKt.CollectEffects.<no name provided>.invokeSuspend.<no name provided>.invokeSuspend.<no name provided>.emit.<Continuation> declared in kz.zhb.elm.ElmComposeKt.CollectEffects.<no name provided>.invokeSuspend.<no name provided>.invokeSuspend.<no name provided>.emit.<Continuation>.invokeSuspend' type=kz.zhb.elm.ElmComposeKt.CollectEffects.<no name provided>.invokeSuspend.<no name provided>.invokeSuspend.<no name provided>.emit.<Continuation> origin=null
                                          value: CALL 'public final fun or (other: kotlin.Int): kotlin.Int [infix] declared in kotlin.Int' type=kotlin.Int origin=null
                                            ARG <this>: GET_FIELD 'FIELD name:label type:kotlin.Int visibility:public/*package*/ declared in kz.zhb.elm.ElmComposeKt.CollectEffects.<no name provided>.invokeSuspend.<no name provided>.invokeSuspend.<no name provided>.emit.<Continuation>' type=kotlin.Int origin=null
                                              receiver: GET_VAR '<this>: kz.zhb.elm.ElmComposeKt.CollectEffects.<no name provided>.invokeSuspend.<no name provided>.invokeSuspend.<no name provided>.emit.<Continuation> declared in kz.zhb.elm.ElmComposeKt.CollectEffects.<no name provided>.invokeSuspend.<no name provided>.invokeSuspend.<no name provided>.emit.<Continuation>.invokeSuspend' type=kz.zhb.elm.ElmComposeKt.CollectEffects.<no name provided>.invokeSuspend.<no name provided>.invokeSuspend.<no name provided>.emit.<Continuation> origin=null
                                            ARG other: CONST Int type=kotlin.Int value=-2147483648
                                        RETURN type=kotlin.Nothing from='public final fun invokeSuspend ($result: kotlin.Result<kotlin.Any?>): kotlin.Any? declared in kz.zhb.elm.ElmComposeKt.CollectEffects.<no name provided>.invokeSuspend.<no name provided>.invokeSuspend.<no name provided>.emit.<Continuation>'
                                          CALL 'public final fun emit (it: Ef of kz.zhb.elm.ElmComposeKt.CollectEffects, $completion: kotlin.coroutines.Continuation<kotlin.Unit>): kotlin.Any? [suspend] declared in kz.zhb.elm.ElmComposeKt.CollectEffects.<no name provided>.invokeSuspend.<no name provided>.invokeSuspend.<no name provided>' type=kotlin.Any? origin=null
                                            ARG <this>: GET_FIELD 'FIELD FIELD_FOR_OUTER_THIS name:this$0 type:kz.zhb.elm.ElmComposeKt.CollectEffects.<no name provided>.invokeSuspend.<no name provided>.invokeSuspend.<no name provided><T of kz.zhb.elm.ElmComposeKt.CollectEffects.<no name provided>.invokeSuspend.<no name provided>.invokeSuspend.<no name provided>> visibility:public/*package*/ [final] declared in kz.zhb.elm.ElmComposeKt.CollectEffects.<no name provided>.invokeSuspend.<no name provided>.invokeSuspend.<no name provided>.emit.<Continuation>' type=kz.zhb.elm.ElmComposeKt.CollectEffects.<no name provided>.invokeSuspend.<no name provided>.invokeSuspend.<no name provided><T of kz.zhb.elm.ElmComposeKt.CollectEffects.<no name provided>.invokeSuspend.<no name provided>.invokeSuspend.<no name provided>> origin=null
                                              receiver: GET_VAR '<this>: kz.zhb.elm.ElmComposeKt.CollectEffects.<no name provided>.invokeSuspend.<no name provided>.invokeSuspend.<no name provided>.emit.<Continuation> declared in kz.zhb.elm.ElmComposeKt.CollectEffects.<no name provided>.invokeSuspend.<no name provided>.invokeSuspend.<no name provided>.emit.<Continuation>.invokeSuspend' type=kz.zhb.elm.ElmComposeKt.CollectEffects.<no name provided>.invokeSuspend.<no name provided>.invokeSuspend.<no name provided>.emit.<Continuation> origin=null
                                            ARG it: CONST Null type=kotlin.Any? value=null
                                            ARG $completion: GET_VAR '<this>: kz.zhb.elm.ElmComposeKt.CollectEffects.<no name provided>.invokeSuspend.<no name provided>.invokeSuspend.<no name provided>.emit.<Continuation> declared in kz.zhb.elm.ElmComposeKt.CollectEffects.<no name provided>.invokeSuspend.<no name provided>.invokeSuspend.<no name provided>.emit.<Continuation>.invokeSuspend' type=kz.zhb.elm.ElmComposeKt.CollectEffects.<no name provided>.invokeSuspend.<no name provided>.invokeSuspend.<no name provided>.emit.<Continuation> origin=null
                                  RETURN type=kotlin.Nothing from='public final fun emit (it: Ef of kz.zhb.elm.ElmComposeKt.CollectEffects, $completion: kotlin.coroutines.Continuation<kotlin.Unit>): kotlin.Any? [suspend] declared in kz.zhb.elm.ElmComposeKt.CollectEffects.<no name provided>.invokeSuspend.<no name provided>.invokeSuspend.<no name provided>'
                                    CALL 'public abstract fun invoke (p1: P1 of kotlin.coroutines.SuspendFunction1, $completion: kotlin.Any?): kotlin.Any? [suspend,operator] declared in kotlin.coroutines.SuspendFunction1' type=kotlin.Unit origin=null
                                      ARG <this>: CALL 'public final fun access$CollectEffects$lambda$0 <Ef> ($currentOnEffect$delegate: androidx.compose.runtime.State<kotlin.coroutines.SuspendFunction1<Ef of kz.zhb.elm.ElmComposeKt.CollectEffects$lambda$0, kotlin.Unit>>): kotlin.coroutines.SuspendFunction1<Ef of kz.zhb.elm.ElmComposeKt.access$CollectEffects$lambda$0, kotlin.Unit> declared in kz.zhb.elm.ElmComposeKt' type=kotlin.coroutines.SuspendFunction1<Ef of kz.zhb.elm.ElmComposeKt.CollectEffects, kotlin.Unit> origin=GET_LOCAL_PROPERTY
                                        TYPE_ARG Ef: Ef of kz.zhb.elm.ElmComposeKt.CollectEffects
                                        ARG $currentOnEffect$delegate: GET_FIELD 'FIELD FIELD_FOR_CAPTURED_VALUE name:$currentOnEffect$delegate type:androidx.compose.runtime.State<kotlin.coroutines.SuspendFunction1<Ef of kz.zhb.elm.ElmComposeKt.CollectEffects, kotlin.Unit>> visibility:public/*package*/ [final] declared in kz.zhb.elm.ElmComposeKt.CollectEffects.<no name provided>.invokeSuspend.<no name provided>.invokeSuspend.<no name provided>' type=androidx.compose.runtime.State<kotlin.coroutines.SuspendFunction1<Ef of kz.zhb.elm.ElmComposeKt.CollectEffects, kotlin.Unit>> origin=null
                                          receiver: GET_VAR '<this>: kz.zhb.elm.ElmComposeKt.CollectEffects.<no name provided>.invokeSuspend.<no name provided>.invokeSuspend.<no name provided><T of kz.zhb.elm.ElmComposeKt.CollectEffects.<no name provided>.invokeSuspend.<no name provided>.invokeSuspend.<no name provided>> declared in kz.zhb.elm.ElmComposeKt.CollectEffects.<no name provided>.invokeSuspend.<no name provided>.invokeSuspend.<no name provided>.emit' type=kz.zhb.elm.ElmComposeKt.CollectEffects.<no name provided>.invokeSuspend.<no name provided>.invokeSuspend.<no name provided><T of kz.zhb.elm.ElmComposeKt.CollectEffects.<no name provided>.invokeSuspend.<no name provided>.invokeSuspend.<no name provided>> origin=null
                                      ARG p1: GET_VAR 'it: Ef of kz.zhb.elm.ElmComposeKt.CollectEffects declared in kz.zhb.elm.ElmComposeKt.CollectEffects.<no name provided>.invokeSuspend.<no name provided>.invokeSuspend.<no name provided>.emit' type=Ef of kz.zhb.elm.ElmComposeKt.CollectEffects origin=null
                                      ARG $completion: GET_VAR '$completion: kotlin.coroutines.Continuation<kotlin.Unit> declared in kz.zhb.elm.ElmComposeKt.CollectEffects.<no name provided>.invokeSuspend.<no name provided>.invokeSuspend.<no name provided>.emit' type=kotlin.coroutines.Continuation<kotlin.Unit> origin=null
                              FUN FAKE_OVERRIDE name:equals visibility:public modality:OPEN returnType:kotlin.Boolean [fake_override,operator]
                                VALUE_PARAMETER kind:DispatchReceiver name:<this> index:0 type:kotlin.Any
                                VALUE_PARAMETER kind:Regular name:other index:1 type:kotlin.Any?
                                overridden:
                                  public open fun equals (other: kotlin.Any?): kotlin.Boolean [fake_override,operator] declared in kotlinx.coroutines.flow.FlowCollector
                              FUN FAKE_OVERRIDE name:hashCode visibility:public modality:OPEN returnType:kotlin.Int [fake_override]
                                VALUE_PARAMETER kind:DispatchReceiver name:<this> index:0 type:kotlin.Any
                                overridden:
                                  public open fun hashCode (): kotlin.Int [fake_override] declared in kotlinx.coroutines.flow.FlowCollector
                              FUN FAKE_OVERRIDE name:toString visibility:public modality:OPEN returnType:kotlin.String [fake_override]
                                VALUE_PARAMETER kind:DispatchReceiver name:<this> index:0 type:kotlin.Any
                                overridden:
                                  public open fun toString (): kotlin.String [fake_override] declared in kotlinx.coroutines.flow.FlowCollector
                              FIELD FIELD_FOR_CAPTURED_VALUE name:$currentOnEffect$delegate type:androidx.compose.runtime.State<kotlin.coroutines.SuspendFunction1<Ef of kz.zhb.elm.ElmComposeKt.CollectEffects, kotlin.Unit>> visibility:public/*package*/ [final]
                            CONSTRUCTOR_CALL 'public/*package*/ constructor <init> ($currentOnEffect$delegate: androidx.compose.runtime.State<kotlin.coroutines.SuspendFunction1<Ef of kz.zhb.elm.ElmComposeKt.CollectEffects, kotlin.Unit>>) [primary] declared in kz.zhb.elm.ElmComposeKt.CollectEffects.<no name provided>.invokeSuspend.<no name provided>.invokeSuspend.<no name provided>' type=kz.zhb.elm.ElmComposeKt.CollectEffects.<no name provided>.invokeSuspend.<no name provided>.invokeSuspend.<no name provided><T of kz.zhb.elm.ElmComposeKt.CollectEffects.<no name provided>.invokeSuspend.<no name provided>.invokeSuspend.<no name provided>> origin=null
                              TYPE_ARG (of class) T: <none>
                              ARG $currentOnEffect$delegate: GET_FIELD 'FIELD FIELD_FOR_CAPTURED_VALUE name:$currentOnEffect$delegate type:androidx.compose.runtime.State<kotlin.coroutines.SuspendFunction1<Ef of kz.zhb.elm.ElmComposeKt.CollectEffects, kotlin.Unit>> visibility:public/*package*/ [final] declared in kz.zhb.elm.ElmComposeKt.CollectEffects.<no name provided>.invokeSuspend.<no name provided>' type=androidx.compose.runtime.State<kotlin.coroutines.SuspendFunction1<Ef of kz.zhb.elm.ElmComposeKt.CollectEffects, kotlin.Unit>> origin=null
                                receiver: GET_VAR '<this>: kz.zhb.elm.ElmComposeKt.CollectEffects.<no name provided>.invokeSuspend.<no name provided> declared in kz.zhb.elm.ElmComposeKt.CollectEffects.<no name provided>.invokeSuspend.<no name provided>.invokeSuspend' type=kz.zhb.elm.ElmComposeKt.CollectEffects.<no name provided>.invokeSuspend.<no name provided> origin=null
                          ARG $completion: GET_VAR '<this>: kz.zhb.elm.ElmComposeKt.CollectEffects.<no name provided>.invokeSuspend.<no name provided> declared in kz.zhb.elm.ElmComposeKt.CollectEffects.<no name provided>.invokeSuspend.<no name provided>.invokeSuspend' type=kz.zhb.elm.ElmComposeKt.CollectEffects.<no name provided>.invokeSuspend.<no name provided> origin=null
                    FUN name:create visibility:public modality:FINAL returnType:kotlin.coroutines.Continuation<kotlin.Unit>
                      VALUE_PARAMETER INSTANCE_RECEIVER kind:DispatchReceiver name:<this> index:0 type:kz.zhb.elm.ElmComposeKt.CollectEffects.<no name provided>.invokeSuspend.<no name provided>
                      VALUE_PARAMETER kind:Regular name:value index:1 type:kotlin.Any?
                      VALUE_PARAMETER kind:Regular name:$completion index:2 type:kotlin.coroutines.Continuation<kotlin.Nothing>
                      overridden:
                        public open fun create (value: kotlin.Any?, $completion: kotlin.coroutines.Continuation<kotlin.Nothing>): kotlin.coroutines.Continuation<kotlin.Unit> declared in kotlin.coroutines.jvm.internal.SuspendLambda
                      BLOCK_BODY
                        RETURN type=kotlin.Nothing from='public final fun create (value: kotlin.Any?, $completion: kotlin.coroutines.Continuation<kotlin.Nothing>): kotlin.coroutines.Continuation<kotlin.Unit> declared in kz.zhb.elm.ElmComposeKt.CollectEffects.<no name provided>.invokeSuspend.<no name provided>'
                          CONSTRUCTOR_CALL 'public/*package*/ constructor <init> ($this_CollectEffects: kz.zhb.elm.ElmViewModel<*, *, Ef of kz.zhb.elm.ElmComposeKt.CollectEffects, *>, $currentOnEffect$delegate: androidx.compose.runtime.State<kotlin.coroutines.SuspendFunction1<Ef of kz.zhb.elm.ElmComposeKt.CollectEffects, kotlin.Unit>>, $completion: kotlin.coroutines.Continuation<kz.zhb.elm.ElmComposeKt.CollectEffects.<no name provided>.invokeSuspend.<no name provided>>?) [primary] declared in kz.zhb.elm.ElmComposeKt.CollectEffects.<no name provided>.invokeSuspend.<no name provided>' type=kz.zhb.elm.ElmComposeKt.CollectEffects.<no name provided>.invokeSuspend.<no name provided> origin=null
                            ARG $this_CollectEffects: GET_FIELD 'FIELD FIELD_FOR_CAPTURED_VALUE name:$this_CollectEffects type:kz.zhb.elm.ElmViewModel<*, *, Ef of kz.zhb.elm.ElmComposeKt.CollectEffects, *> visibility:public/*package*/ [final] declared in kz.zhb.elm.ElmComposeKt.CollectEffects.<no name provided>.invokeSuspend.<no name provided>' type=kz.zhb.elm.ElmViewModel<*, *, Ef of kz.zhb.elm.ElmComposeKt.CollectEffects, *> origin=null
                              receiver: GET_VAR '<this>: kz.zhb.elm.ElmComposeKt.CollectEffects.<no name provided>.invokeSuspend.<no name provided> declared in kz.zhb.elm.ElmComposeKt.CollectEffects.<no name provided>.invokeSuspend.<no name provided>.create' type=kz.zhb.elm.ElmComposeKt.CollectEffects.<no name provided>.invokeSuspend.<no name provided> origin=null
                            ARG $currentOnEffect$delegate: GET_FIELD 'FIELD FIELD_FOR_CAPTURED_VALUE name:$currentOnEffect$delegate type:androidx.compose.runtime.State<kotlin.coroutines.SuspendFunction1<Ef of kz.zhb.elm.ElmComposeKt.CollectEffects, kotlin.Unit>> visibility:public/*package*/ [final] declared in kz.zhb.elm.ElmComposeKt.CollectEffects.<no name provided>.invokeSuspend.<no name provided>' type=androidx.compose.runtime.State<kotlin.coroutines.SuspendFunction1<Ef of kz.zhb.elm.ElmComposeKt.CollectEffects, kotlin.Unit>> origin=null
                              receiver: GET_VAR '<this>: kz.zhb.elm.ElmComposeKt.CollectEffects.<no name provided>.invokeSuspend.<no name provided> declared in kz.zhb.elm.ElmComposeKt.CollectEffects.<no name provided>.invokeSuspend.<no name provided>.create' type=kz.zhb.elm.ElmComposeKt.CollectEffects.<no name provided>.invokeSuspend.<no name provided> origin=null
                            ARG $completion: GET_VAR '$completion: kotlin.coroutines.Continuation<kotlin.Nothing> declared in kz.zhb.elm.ElmComposeKt.CollectEffects.<no name provided>.invokeSuspend.<no name provided>.create' type=kotlin.coroutines.Continuation<kotlin.Nothing> origin=null
                    FUN name:invoke visibility:public modality:FINAL returnType:kotlin.Any?
                      VALUE_PARAMETER INSTANCE_RECEIVER kind:DispatchReceiver name:<this> index:0 type:kz.zhb.elm.ElmComposeKt.CollectEffects.<no name provided>.invokeSuspend.<no name provided>
                      VALUE_PARAMETER kind:Regular name:p1 index:1 type:kotlinx.coroutines.CoroutineScope
                      VALUE_PARAMETER kind:Regular name:p2 index:2 type:kotlin.coroutines.Continuation<kotlin.Unit>?
                      overridden:
                        public abstract fun invoke (p1: P1 of kotlin.jvm.functions.Function2, p2: P2 of kotlin.jvm.functions.Function2): R of kotlin.jvm.functions.Function2 declared in kotlin.jvm.functions.Function2
                      BLOCK_BODY
                        RETURN type=kotlin.Nothing from='public final fun invoke (p1: kotlinx.coroutines.CoroutineScope, p2: kotlin.coroutines.Continuation<kotlin.Unit>?): kotlin.Any? declared in kz.zhb.elm.ElmComposeKt.CollectEffects.<no name provided>.invokeSuspend.<no name provided>'
                          CALL 'public final fun invokeSuspend ($result: kotlin.Result<kotlin.Any?>): kotlin.Any? declared in kz.zhb.elm.ElmComposeKt.CollectEffects.<no name provided>.invokeSuspend.<no name provided>' type=kotlin.Any? origin=null
                            ARG <this>: TYPE_OP type=kz.zhb.elm.ElmComposeKt.CollectEffects.<no name provided>.invokeSuspend.<no name provided> origin=IMPLICIT_CAST typeOperand=kz.zhb.elm.ElmComposeKt.CollectEffects.<no name provided>.invokeSuspend.<no name provided>
                              CALL 'public final fun create (value: kotlin.Any?, $completion: kotlin.coroutines.Continuation<kotlin.Nothing>): kotlin.coroutines.Continuation<kotlin.Unit> declared in kz.zhb.elm.ElmComposeKt.CollectEffects.<no name provided>.invokeSuspend.<no name provided>' type=kotlin.coroutines.Continuation<kotlin.Unit> origin=null
                                ARG <this>: GET_VAR '<this>: kz.zhb.elm.ElmComposeKt.CollectEffects.<no name provided>.invokeSuspend.<no name provided> declared in kz.zhb.elm.ElmComposeKt.CollectEffects.<no name provided>.invokeSuspend.<no name provided>.invoke' type=kz.zhb.elm.ElmComposeKt.CollectEffects.<no name provided>.invokeSuspend.<no name provided> origin=null
                                ARG value: GET_VAR 'p1: kotlinx.coroutines.CoroutineScope declared in kz.zhb.elm.ElmComposeKt.CollectEffects.<no name provided>.invokeSuspend.<no name provided>.invoke' type=kotlinx.coroutines.CoroutineScope origin=null
                                ARG $completion: GET_VAR 'p2: kotlin.coroutines.Continuation<kotlin.Unit>? declared in kz.zhb.elm.ElmComposeKt.CollectEffects.<no name provided>.invokeSuspend.<no name provided>.invoke' type=kotlin.coroutines.Continuation<kotlin.Unit>? origin=null
                            ARG $result: CALL 'public final fun <unsafe-coerce> <T, R> (v: T of kotlin.jvm.internal.<unsafe-coerce>): R of kotlin.jvm.internal.<unsafe-coerce> declared in kotlin.jvm.internal' type=kotlin.Result<kotlin.Any?> origin=null
                              TYPE_ARG T: kotlin.Any?
                              TYPE_ARG R: kotlin.Result<kotlin.Any?>
                              ARG v: GET_FIELD 'FIELD FIELD_FOR_OBJECT_INSTANCE name:INSTANCE type:kotlin.Unit visibility:public [final,static] declared in kotlin.Unit' type=kotlin.Unit origin=null
                    FIELD FIELD_FOR_CAPTURED_VALUE name:$this_CollectEffects type:kz.zhb.elm.ElmViewModel<*, *, Ef of kz.zhb.elm.ElmComposeKt.CollectEffects, *> visibility:public/*package*/ [final]
                    FIELD FIELD_FOR_CAPTURED_VALUE name:$currentOnEffect$delegate type:androidx.compose.runtime.State<kotlin.coroutines.SuspendFunction1<Ef of kz.zhb.elm.ElmComposeKt.CollectEffects, kotlin.Unit>> visibility:public/*package*/ [final]
                    FUN BRIDGE name:invoke visibility:public modality:OPEN returnType:kotlin.Any?
                      VALUE_PARAMETER INSTANCE_RECEIVER kind:DispatchReceiver name:<this> index:0 type:kz.zhb.elm.ElmComposeKt.CollectEffects.<no name provided>.invokeSuspend.<no name provided>
                      VALUE_PARAMETER BRIDGE kind:Regular name:p1 index:1 type:kotlin.Any?
                      VALUE_PARAMETER BRIDGE kind:Regular name:p2 index:2 type:kotlin.Any?
                      EXPRESSION_BODY
                        RETURN type=kotlin.Nothing from='public open fun invoke (p1: kotlin.Any?, p2: kotlin.Any?): kotlin.Any? declared in kz.zhb.elm.ElmComposeKt.CollectEffects.<no name provided>.invokeSuspend.<no name provided>'
                          CALL 'public final fun invoke (p1: kotlinx.coroutines.CoroutineScope, p2: kotlin.coroutines.Continuation<kotlin.Unit>?): kotlin.Any? declared in kz.zhb.elm.ElmComposeKt.CollectEffects.<no name provided>.invokeSuspend.<no name provided>' type=kotlin.Any? origin=BRIDGE_DELEGATION
                            ARG <this>: GET_VAR '<this>: kz.zhb.elm.ElmComposeKt.CollectEffects.<no name provided>.invokeSuspend.<no name provided> declared in kz.zhb.elm.ElmComposeKt.CollectEffects.<no name provided>.invokeSuspend.<no name provided>.invoke' type=kz.zhb.elm.ElmComposeKt.CollectEffects.<no name provided>.invokeSuspend.<no name provided> origin=null
                            ARG p1: TYPE_OP type=kotlinx.coroutines.CoroutineScope origin=IMPLICIT_CAST typeOperand=kotlinx.coroutines.CoroutineScope
                              GET_VAR 'p1: kotlin.Any? declared in kz.zhb.elm.ElmComposeKt.CollectEffects.<no name provided>.invokeSuspend.<no name provided>.invoke' type=kotlin.Any? origin=null
                            ARG p2: TYPE_OP type=kotlin.coroutines.Continuation<*> origin=IMPLICIT_CAST typeOperand=kotlin.coroutines.Continuation<*>
                              GET_VAR 'p2: kotlin.Any? declared in kz.zhb.elm.ElmComposeKt.CollectEffects.<no name provided>.invokeSuspend.<no name provided>.invoke' type=kotlin.Any? origin=null
                  CONSTRUCTOR_CALL 'public/*package*/ constructor <init> ($this_CollectEffects: kz.zhb.elm.ElmViewModel<*, *, Ef of kz.zhb.elm.ElmComposeKt.CollectEffects, *>, $currentOnEffect$delegate: androidx.compose.runtime.State<kotlin.coroutines.SuspendFunction1<Ef of kz.zhb.elm.ElmComposeKt.CollectEffects, kotlin.Unit>>, $completion: kotlin.coroutines.Continuation<kz.zhb.elm.ElmComposeKt.CollectEffects.<no name provided>.invokeSuspend.<no name provided>>?) [primary] declared in kz.zhb.elm.ElmComposeKt.CollectEffects.<no name provided>.invokeSuspend.<no name provided>' type=kz.zhb.elm.ElmComposeKt.CollectEffects.<no name provided>.invokeSuspend.<no name provided> origin=null
                    ARG $this_CollectEffects: GET_FIELD 'FIELD FIELD_FOR_CAPTURED_VALUE name:$this_CollectEffects type:kz.zhb.elm.ElmViewModel<*, *, Ef of kz.zhb.elm.ElmComposeKt.CollectEffects, *> visibility:public/*package*/ [final] declared in kz.zhb.elm.ElmComposeKt.CollectEffects.<no name provided>' type=kz.zhb.elm.ElmViewModel<*, *, Ef of kz.zhb.elm.ElmComposeKt.CollectEffects, *> origin=null
                      receiver: GET_VAR '<this>: kz.zhb.elm.ElmComposeKt.CollectEffects.<no name provided> declared in kz.zhb.elm.ElmComposeKt.CollectEffects.<no name provided>.invokeSuspend' type=kz.zhb.elm.ElmComposeKt.CollectEffects.<no name provided> origin=null
                    ARG $currentOnEffect$delegate: GET_FIELD 'FIELD FIELD_FOR_CAPTURED_VALUE name:$currentOnEffect$delegate type:androidx.compose.runtime.State<kotlin.coroutines.SuspendFunction1<Ef of kz.zhb.elm.ElmComposeKt.CollectEffects, kotlin.Unit>> visibility:public/*package*/ [final] declared in kz.zhb.elm.ElmComposeKt.CollectEffects.<no name provided>' type=androidx.compose.runtime.State<kotlin.coroutines.SuspendFunction1<Ef of kz.zhb.elm.ElmComposeKt.CollectEffects, kotlin.Unit>> origin=null
                      receiver: GET_VAR '<this>: kz.zhb.elm.ElmComposeKt.CollectEffects.<no name provided> declared in kz.zhb.elm.ElmComposeKt.CollectEffects.<no name provided>.invokeSuspend' type=kz.zhb.elm.ElmComposeKt.CollectEffects.<no name provided> origin=null
                    ARG $completion: CONST Null type=kotlin.Nothing? value=null
                ARG $completion: GET_VAR '<this>: kz.zhb.elm.ElmComposeKt.CollectEffects.<no name provided> declared in kz.zhb.elm.ElmComposeKt.CollectEffects.<no name provided>.invokeSuspend' type=kz.zhb.elm.ElmComposeKt.CollectEffects.<no name provided> origin=null
          FUN name:create visibility:public modality:FINAL returnType:kotlin.coroutines.Continuation<kotlin.Unit>
            VALUE_PARAMETER INSTANCE_RECEIVER kind:DispatchReceiver name:<this> index:0 type:kz.zhb.elm.ElmComposeKt.CollectEffects.<no name provided>
            VALUE_PARAMETER kind:Regular name:value index:1 type:kotlin.Any?
            VALUE_PARAMETER kind:Regular name:$completion index:2 type:kotlin.coroutines.Continuation<kotlin.Nothing>
            overridden:
              public open fun create (value: kotlin.Any?, $completion: kotlin.coroutines.Continuation<kotlin.Nothing>): kotlin.coroutines.Continuation<kotlin.Unit> declared in kotlin.coroutines.jvm.internal.SuspendLambda
            BLOCK_BODY
              RETURN type=kotlin.Nothing from='public final fun create (value: kotlin.Any?, $completion: kotlin.coroutines.Continuation<kotlin.Nothing>): kotlin.coroutines.Continuation<kotlin.Unit> declared in kz.zhb.elm.ElmComposeKt.CollectEffects.<no name provided>'
                CONSTRUCTOR_CALL 'public/*package*/ constructor <init> ($lifecycleOwner: androidx.lifecycle.LifecycleOwner, $this_CollectEffects: kz.zhb.elm.ElmViewModel<*, *, Ef of kz.zhb.elm.ElmComposeKt.CollectEffects, *>, $currentOnEffect$delegate: androidx.compose.runtime.State<kotlin.coroutines.SuspendFunction1<Ef of kz.zhb.elm.ElmComposeKt.CollectEffects, kotlin.Unit>>, $completion: kotlin.coroutines.Continuation<kz.zhb.elm.ElmComposeKt.CollectEffects.<no name provided>>?) [primary] declared in kz.zhb.elm.ElmComposeKt.CollectEffects.<no name provided>' type=kz.zhb.elm.ElmComposeKt.CollectEffects.<no name provided> origin=null
                  ARG $lifecycleOwner: GET_FIELD 'FIELD FIELD_FOR_CAPTURED_VALUE name:$lifecycleOwner type:androidx.lifecycle.LifecycleOwner visibility:public/*package*/ [final] declared in kz.zhb.elm.ElmComposeKt.CollectEffects.<no name provided>' type=androidx.lifecycle.LifecycleOwner origin=null
                    receiver: GET_VAR '<this>: kz.zhb.elm.ElmComposeKt.CollectEffects.<no name provided> declared in kz.zhb.elm.ElmComposeKt.CollectEffects.<no name provided>.create' type=kz.zhb.elm.ElmComposeKt.CollectEffects.<no name provided> origin=null
                  ARG $this_CollectEffects: GET_FIELD 'FIELD FIELD_FOR_CAPTURED_VALUE name:$this_CollectEffects type:kz.zhb.elm.ElmViewModel<*, *, Ef of kz.zhb.elm.ElmComposeKt.CollectEffects, *> visibility:public/*package*/ [final] declared in kz.zhb.elm.ElmComposeKt.CollectEffects.<no name provided>' type=kz.zhb.elm.ElmViewModel<*, *, Ef of kz.zhb.elm.ElmComposeKt.CollectEffects, *> origin=null
                    receiver: GET_VAR '<this>: kz.zhb.elm.ElmComposeKt.CollectEffects.<no name provided> declared in kz.zhb.elm.ElmComposeKt.CollectEffects.<no name provided>.create' type=kz.zhb.elm.ElmComposeKt.CollectEffects.<no name provided> origin=null
                  ARG $currentOnEffect$delegate: GET_FIELD 'FIELD FIELD_FOR_CAPTURED_VALUE name:$currentOnEffect$delegate type:androidx.compose.runtime.State<kotlin.coroutines.SuspendFunction1<Ef of kz.zhb.elm.ElmComposeKt.CollectEffects, kotlin.Unit>> visibility:public/*package*/ [final] declared in kz.zhb.elm.ElmComposeKt.CollectEffects.<no name provided>' type=androidx.compose.runtime.State<kotlin.coroutines.SuspendFunction1<Ef of kz.zhb.elm.ElmComposeKt.CollectEffects, kotlin.Unit>> origin=null
                    receiver: GET_VAR '<this>: kz.zhb.elm.ElmComposeKt.CollectEffects.<no name provided> declared in kz.zhb.elm.ElmComposeKt.CollectEffects.<no name provided>.create' type=kz.zhb.elm.ElmComposeKt.CollectEffects.<no name provided> origin=null
                  ARG $completion: GET_VAR '$completion: kotlin.coroutines.Continuation<kotlin.Nothing> declared in kz.zhb.elm.ElmComposeKt.CollectEffects.<no name provided>.create' type=kotlin.coroutines.Continuation<kotlin.Nothing> origin=null
          FUN name:invoke visibility:public modality:FINAL returnType:kotlin.Any?
            VALUE_PARAMETER INSTANCE_RECEIVER kind:DispatchReceiver name:<this> index:0 type:kz.zhb.elm.ElmComposeKt.CollectEffects.<no name provided>
            VALUE_PARAMETER kind:Regular name:p1 index:1 type:kotlinx.coroutines.CoroutineScope
            VALUE_PARAMETER kind:Regular name:p2 index:2 type:kotlin.coroutines.Continuation<kotlin.Unit>?
            overridden:
              public abstract fun invoke (p1: P1 of kotlin.jvm.functions.Function2, p2: P2 of kotlin.jvm.functions.Function2): R of kotlin.jvm.functions.Function2 declared in kotlin.jvm.functions.Function2
            BLOCK_BODY
              RETURN type=kotlin.Nothing from='public final fun invoke (p1: kotlinx.coroutines.CoroutineScope, p2: kotlin.coroutines.Continuation<kotlin.Unit>?): kotlin.Any? declared in kz.zhb.elm.ElmComposeKt.CollectEffects.<no name provided>'
                CALL 'public final fun invokeSuspend ($result: kotlin.Result<kotlin.Any?>): kotlin.Any? declared in kz.zhb.elm.ElmComposeKt.CollectEffects.<no name provided>' type=kotlin.Any? origin=null
                  ARG <this>: TYPE_OP type=kz.zhb.elm.ElmComposeKt.CollectEffects.<no name provided> origin=IMPLICIT_CAST typeOperand=kz.zhb.elm.ElmComposeKt.CollectEffects.<no name provided>
                    CALL 'public final fun create (value: kotlin.Any?, $completion: kotlin.coroutines.Continuation<kotlin.Nothing>): kotlin.coroutines.Continuation<kotlin.Unit> declared in kz.zhb.elm.ElmComposeKt.CollectEffects.<no name provided>' type=kotlin.coroutines.Continuation<kotlin.Unit> origin=null
                      ARG <this>: GET_VAR '<this>: kz.zhb.elm.ElmComposeKt.CollectEffects.<no name provided> declared in kz.zhb.elm.ElmComposeKt.CollectEffects.<no name provided>.invoke' type=kz.zhb.elm.ElmComposeKt.CollectEffects.<no name provided> origin=null
                      ARG value: GET_VAR 'p1: kotlinx.coroutines.CoroutineScope declared in kz.zhb.elm.ElmComposeKt.CollectEffects.<no name provided>.invoke' type=kotlinx.coroutines.CoroutineScope origin=null
                      ARG $completion: GET_VAR 'p2: kotlin.coroutines.Continuation<kotlin.Unit>? declared in kz.zhb.elm.ElmComposeKt.CollectEffects.<no name provided>.invoke' type=kotlin.coroutines.Continuation<kotlin.Unit>? origin=null
                  ARG $result: CALL 'public final fun <unsafe-coerce> <T, R> (v: T of kotlin.jvm.internal.<unsafe-coerce>): R of kotlin.jvm.internal.<unsafe-coerce> declared in kotlin.jvm.internal' type=kotlin.Result<kotlin.Any?> origin=null
                    TYPE_ARG T: kotlin.Any?
                    TYPE_ARG R: kotlin.Result<kotlin.Any?>
                    ARG v: GET_FIELD 'FIELD FIELD_FOR_OBJECT_INSTANCE name:INSTANCE type:kotlin.Unit visibility:public [final,static] declared in kotlin.Unit' type=kotlin.Unit origin=null
          FIELD FIELD_FOR_CAPTURED_VALUE name:$lifecycleOwner type:androidx.lifecycle.LifecycleOwner visibility:public/*package*/ [final]
          FIELD FIELD_FOR_CAPTURED_VALUE name:$this_CollectEffects type:kz.zhb.elm.ElmViewModel<*, *, Ef of kz.zhb.elm.ElmComposeKt.CollectEffects, *> visibility:public/*package*/ [final]
          FIELD FIELD_FOR_CAPTURED_VALUE name:$currentOnEffect$delegate type:androidx.compose.runtime.State<kotlin.coroutines.SuspendFunction1<Ef of kz.zhb.elm.ElmComposeKt.CollectEffects, kotlin.Unit>> visibility:public/*package*/ [final]
          FUN BRIDGE name:invoke visibility:public modality:OPEN returnType:kotlin.Any?
            VALUE_PARAMETER INSTANCE_RECEIVER kind:DispatchReceiver name:<this> index:0 type:kz.zhb.elm.ElmComposeKt.CollectEffects.<no name provided>
            VALUE_PARAMETER BRIDGE kind:Regular name:p1 index:1 type:kotlin.Any?
            VALUE_PARAMETER BRIDGE kind:Regular name:p2 index:2 type:kotlin.Any?
            EXPRESSION_BODY
              RETURN type=kotlin.Nothing from='public open fun invoke (p1: kotlin.Any?, p2: kotlin.Any?): kotlin.Any? declared in kz.zhb.elm.ElmComposeKt.CollectEffects.<no name provided>'
                CALL 'public final fun invoke (p1: kotlinx.coroutines.CoroutineScope, p2: kotlin.coroutines.Continuation<kotlin.Unit>?): kotlin.Any? declared in kz.zhb.elm.ElmComposeKt.CollectEffects.<no name provided>' type=kotlin.Any? origin=BRIDGE_DELEGATION
                  ARG <this>: GET_VAR '<this>: kz.zhb.elm.ElmComposeKt.CollectEffects.<no name provided> declared in kz.zhb.elm.ElmComposeKt.CollectEffects.<no name provided>.invoke' type=kz.zhb.elm.ElmComposeKt.CollectEffects.<no name provided> origin=null
                  ARG p1: TYPE_OP type=kotlinx.coroutines.CoroutineScope origin=IMPLICIT_CAST typeOperand=kotlinx.coroutines.CoroutineScope
                    GET_VAR 'p1: kotlin.Any? declared in kz.zhb.elm.ElmComposeKt.CollectEffects.<no name provided>.invoke' type=kotlin.Any? origin=null
                  ARG p2: TYPE_OP type=kotlin.coroutines.Continuation<*> origin=IMPLICIT_CAST typeOperand=kotlin.coroutines.Continuation<*>
                    GET_VAR 'p2: kotlin.Any? declared in kz.zhb.elm.ElmComposeKt.CollectEffects.<no name provided>.invoke' type=kotlin.Any? origin=null
        CONSTRUCTOR_CALL 'public/*package*/ constructor <init> ($lifecycleOwner: androidx.lifecycle.LifecycleOwner, $this_CollectEffects: kz.zhb.elm.ElmViewModel<*, *, Ef of kz.zhb.elm.ElmComposeKt.CollectEffects, *>, $currentOnEffect$delegate: androidx.compose.runtime.State<kotlin.coroutines.SuspendFunction1<Ef of kz.zhb.elm.ElmComposeKt.CollectEffects, kotlin.Unit>>, $completion: kotlin.coroutines.Continuation<kz.zhb.elm.ElmComposeKt.CollectEffects.<no name provided>>?) [primary] declared in kz.zhb.elm.ElmComposeKt.CollectEffects.<no name provided>' type=kz.zhb.elm.ElmComposeKt.CollectEffects.<no name provided> origin=null
          ARG $lifecycleOwner: GET_VAR 'val lifecycleOwner: androidx.lifecycle.LifecycleOwner [val] declared in kz.zhb.elm.ElmComposeKt.CollectEffects' type=androidx.lifecycle.LifecycleOwner origin=null
          ARG $this_CollectEffects: GET_VAR '<this>: kz.zhb.elm.ElmViewModel<*, *, Ef of kz.zhb.elm.ElmComposeKt.CollectEffects, *> declared in kz.zhb.elm.ElmComposeKt.CollectEffects' type=kz.zhb.elm.ElmViewModel<*, *, Ef of kz.zhb.elm.ElmComposeKt.CollectEffects, *> origin=null
          ARG $currentOnEffect$delegate: GET_VAR 'val currentOnEffect$delegate: androidx.compose.runtime.State<kotlin.coroutines.SuspendFunction1<Ef of kz.zhb.elm.ElmComposeKt.CollectEffects, kotlin.Unit>> [val] declared in kz.zhb.elm.ElmComposeKt.CollectEffects' type=androidx.compose.runtime.State<kotlin.coroutines.SuspendFunction1<Ef of kz.zhb.elm.ElmComposeKt.CollectEffects, kotlin.Unit>> origin=null
          ARG $completion: CONST Null type=kotlin.Nothing? value=null

	at org.jetbrains.kotlin.backend.jvm.codegen.FunctionCodegen.generate(FunctionCodegen.kt:50)
	at org.jetbrains.kotlin.backend.jvm.codegen.FunctionCodegen.generate$default(FunctionCodegen.kt:43)
	at org.jetbrains.kotlin.backend.jvm.codegen.ClassCodegen.generateMethodNode(ClassCodegen.kt:422)
	at org.jetbrains.kotlin.backend.jvm.codegen.ClassCodegen.generateMethod(ClassCodegen.kt:439)
	at org.jetbrains.kotlin.backend.jvm.codegen.ClassCodegen.generate(ClassCodegen.kt:164)
	at org.jetbrains.kotlin.backend.jvm.JvmIrCodegenFactory.generateFile(JvmIrCodegenFactory.kt:419)
	at org.jetbrains.kotlin.backend.jvm.JvmIrCodegenFactory.invokeCodegen(JvmIrCodegenFactory.kt:388)
	at org.jetbrains.kotlin.cli.jvm.compiler.KotlinToJVMBytecodeCompiler.runCodegen$cli(KotlinToJVMBytecodeCompiler.kt:431)
	at org.jetbrains.kotlin.cli.pipeline.jvm.JvmBackendPipelinePhase.executePhase(JvmBackendPipelinePhase.kt:95)
	at org.jetbrains.kotlin.cli.pipeline.jvm.JvmBackendPipelinePhase.executePhase(JvmBackendPipelinePhase.kt:36)
	at org.jetbrains.kotlin.cli.pipeline.jvm.JvmBackendPipelinePhase.executePhase(JvmBackendPipelinePhase.kt:29)
	at org.jetbrains.kotlin.cli.pipeline.PipelinePhase.phaseBody(PipelinePhase.kt:68)
	at org.jetbrains.kotlin.cli.pipeline.PipelinePhase.phaseBody(PipelinePhase.kt:58)
	at org.jetbrains.kotlin.config.phaser.NamedCompilerPhase.invoke(CompilerPhase.kt:102)
	at org.jetbrains.kotlin.backend.common.phaser.CompositePhase.invoke(PhaseBuilders.kt:22)
	at org.jetbrains.kotlin.config.phaser.CompilerPhaseKt.invokeToplevel(CompilerPhase.kt:53)
	at org.jetbrains.kotlin.cli.pipeline.AbstractCliPipeline.runPhasedPipeline(AbstractCliPipeline.kt:109)
	at org.jetbrains.kotlin.cli.pipeline.AbstractCliPipeline.execute(AbstractCliPipeline.kt:68)
	at org.jetbrains.kotlin.cli.jvm.K2JVMCompiler.doExecutePhased(K2JVMCompiler.kt:78)
	at org.jetbrains.kotlin.cli.jvm.K2JVMCompiler.doExecutePhased(K2JVMCompiler.kt:44)
	at org.jetbrains.kotlin.cli.common.CLICompiler.execImpl(CLICompiler.kt:90)
	at org.jetbrains.kotlin.cli.common.CLICompiler.exec(CLICompiler.kt:352)
	at org.jetbrains.kotlin.incremental.IncrementalJvmCompilerRunnerBase.runCompiler(IncrementalJvmCompilerRunnerBase.kt:175)
	at org.jetbrains.kotlin.incremental.IncrementalJvmCompilerRunnerBase.runCompiler(IncrementalJvmCompilerRunnerBase.kt:38)
	at org.jetbrains.kotlin.incremental.IncrementalCompilerRunner.doCompile(IncrementalCompilerRunner.kt:504)
	at org.jetbrains.kotlin.incremental.IncrementalCompilerRunner.compileImpl(IncrementalCompilerRunner.kt:421)
	at org.jetbrains.kotlin.incremental.IncrementalCompilerRunner.compileNonIncrementally(IncrementalCompilerRunner.kt:306)
	at org.jetbrains.kotlin.incremental.IncrementalCompilerRunner.compile(IncrementalCompilerRunner.kt:133)
	at org.jetbrains.kotlin.daemon.CompileServiceImplBase.execIncrementalCompiler(CompileServiceImpl.kt:679)
	at org.jetbrains.kotlin.daemon.CompileServiceImplBase.access$execIncrementalCompiler(CompileServiceImpl.kt:93)
	at org.jetbrains.kotlin.daemon.CompileServiceImpl.compile(CompileServiceImpl.kt:1806)
	at java.base/jdk.internal.reflect.DirectMethodHandleAccessor.invoke(Unknown Source)
	at java.base/java.lang.reflect.Method.invoke(Unknown Source)
	at java.rmi/sun.rmi.server.UnicastServerRef.dispatch(Unknown Source)
	at java.rmi/sun.rmi.transport.Transport.serviceCall(Unknown Source)
	at java.rmi/sun.rmi.transport.tcp.TCPTransport.handleMessages(Unknown Source)
	at java.rmi/sun.rmi.transport.tcp.TCPTransport$ConnectionHandler.run0(Unknown Source)
	at java.rmi/sun.rmi.transport.tcp.TCPTransport$ConnectionHandler.run(Unknown Source)
	at java.base/java.util.concurrent.ThreadPoolExecutor.runWorker(Unknown Source)
	at java.base/java.util.concurrent.ThreadPoolExecutor$Worker.run(Unknown Source)
	at java.base/java.lang.Thread.run(Unknown Source)
Caused by: org.jetbrains.kotlin.codegen.CompilationException: Back-end (JVM) Internal error: Couldn't inline method call: CALL 'public final fun <get-current> (): T of androidx.compose.runtime.CompositionLocal [inline] declared in androidx.compose.runtime.CompositionLocal' type=androidx.lifecycle.LifecycleOwner origin=GET_PROPERTY
Method: null
File is unknown
The root cause java.lang.IllegalStateException was thrown at: org.jetbrains.kotlin.codegen.inline.SourceCompilerForInlineKt.getMethodNode(SourceCompilerForInline.kt:129)
	at org.jetbrains.kotlin.backend.jvm.codegen.IrInlineCodegen.genInlineCall(IrInlineCodegen.kt:82)
	at org.jetbrains.kotlin.backend.jvm.codegen.IrInlineCallGenerator.genCall(IrInlineCallGenerator.kt:36)
	at org.jetbrains.kotlin.backend.jvm.codegen.ExpressionCodegen.visitCall(ExpressionCodegen.kt:586)
	at org.jetbrains.kotlin.backend.jvm.codegen.ExpressionCodegen.visitCall(ExpressionCodegen.kt:135)
	at org.jetbrains.kotlin.ir.expressions.IrCall.accept(IrCall.kt:24)
	at org.jetbrains.kotlin.backend.jvm.codegen.ExpressionCodegen.visitVariable(ExpressionCodegen.kt:725)
	at org.jetbrains.kotlin.backend.jvm.codegen.ExpressionCodegen.visitVariable(ExpressionCodegen.kt:135)
	at org.jetbrains.kotlin.ir.declarations.IrVariable.accept(IrVariable.kt:36)
	at org.jetbrains.kotlin.backend.jvm.codegen.ExpressionCodegen.visitStatementContainer(ExpressionCodegen.kt:527)
	at org.jetbrains.kotlin.backend.jvm.codegen.ExpressionCodegen.visitBlockBody(ExpressionCodegen.kt:532)
	at org.jetbrains.kotlin.backend.jvm.codegen.ExpressionCodegen.visitBlockBody(ExpressionCodegen.kt:135)
	at org.jetbrains.kotlin.ir.expressions.IrBlockBody.accept(IrBlockBody.kt:20)
	at org.jetbrains.kotlin.backend.jvm.codegen.ExpressionCodegen.generate(ExpressionCodegen.kt:233)
	at org.jetbrains.kotlin.backend.jvm.codegen.FunctionCodegen.doGenerate(FunctionCodegen.kt:126)
	at org.jetbrains.kotlin.backend.jvm.codegen.FunctionCodegen.generate(FunctionCodegen.kt:47)
	... 40 more
Caused by: java.lang.IllegalStateException: couldn't find inline method Landroidx/compose/runtime/CompositionLocal;.getCurrent()Ljava/lang/Object;
	at org.jetbrains.kotlin.codegen.inline.SourceCompilerForInlineKt.getMethodNode(SourceCompilerForInline.kt:129)
	at org.jetbrains.kotlin.codegen.inline.SourceCompilerForInlineKt.loadCompiledInlineFunction$lambda$2(SourceCompilerForInline.kt:98)
	at org.jetbrains.kotlin.codegen.inline.InlineCache.computeMethodBytes(InlineCache.kt:90)
	at org.jetbrains.kotlin.codegen.inline.SourceCompilerForInlineKt.loadCompiledInlineFunction(SourceCompilerForInline.kt:93)
	at org.jetbrains.kotlin.backend.jvm.codegen.IrSourceCompilerForInline.compileInlineFunction(IrSourceCompilerForInline.kt:96)
	at org.jetbrains.kotlin.backend.jvm.codegen.IrInlineCodegen.genInlineCall(IrInlineCodegen.kt:65)
	... 54 more


